Archive member included because of file (symbol)

C:\Users\leahsch\Desktop\bluetooth\SoftConsole\bluetooth_MSS_MSS_CM3_0\bluetooth_MSS_MSS_CM3_0_hw_platform\Debug\libbluetooth_MSS_MSS_CM3_0_hw_platform.a(mss_uart.o)
                              C:/Users/leahsch/Desktop/bluetooth/SoftConsole/bluetooth_MSS_MSS_CM3_0/bluetooth_MSS_MSS_CM3_0_hw_platform/Debug/CMSIS/startup_gcc/newlib_stubs.o (MSS_UART_polled_tx)
C:\Users\leahsch\Desktop\bluetooth\SoftConsole\bluetooth_MSS_MSS_CM3_0\bluetooth_MSS_MSS_CM3_0_hw_platform\Debug\libbluetooth_MSS_MSS_CM3_0_hw_platform.a(system_a2fxxxm3.o)
                              C:/Users/leahsch/Desktop/bluetooth/SoftConsole/bluetooth_MSS_MSS_CM3_0/bluetooth_MSS_MSS_CM3_0_hw_platform/Debug/CMSIS/startup_gcc/startup_a2fxxxm3.o (SystemInit)
c:/actel/libero_v9.1/softconsole/sourcery-g++/bin/../lib/gcc/arm-none-eabi/4.4.1/../../../../arm-none-eabi/lib/thumb2\libc.a(lib_a-errno.o)
                              C:/Users/leahsch/Desktop/bluetooth/SoftConsole/bluetooth_MSS_MSS_CM3_0/bluetooth_MSS_MSS_CM3_0_hw_platform/Debug/CMSIS/startup_gcc/newlib_stubs.o (__errno)
c:/actel/libero_v9.1/softconsole/sourcery-g++/bin/../lib/gcc/arm-none-eabi/4.4.1/../../../../arm-none-eabi/lib/thumb2\libc.a(lib_a-impure.o)
                              c:/actel/libero_v9.1/softconsole/sourcery-g++/bin/../lib/gcc/arm-none-eabi/4.4.1/../../../../arm-none-eabi/lib/thumb2\libc.a(lib_a-errno.o) (_impure_ptr)
c:/actel/libero_v9.1/softconsole/sourcery-g++/bin/../lib/gcc/arm-none-eabi/4.4.1/../../../../arm-none-eabi/lib/thumb2\libc.a(lib_a-init.o)
                              C:/Users/leahsch/Desktop/bluetooth/SoftConsole/bluetooth_MSS_MSS_CM3_0/bluetooth_MSS_MSS_CM3_0_hw_platform/Debug/CMSIS/startup_gcc/startup_a2fxxxm3.o (__libc_init_array)
c:/actel/libero_v9.1/softconsole/sourcery-g++/bin/../lib/gcc/arm-none-eabi/4.4.1/../../../../arm-none-eabi/lib/thumb2\libc.a(lib_a-memset.o)
                              ./main.o (memset)

Allocating common symbols
Common symbol       size              file

g_mss_uart1         0x28              C:\Users\leahsch\Desktop\bluetooth\SoftConsole\bluetooth_MSS_MSS_CM3_0\bluetooth_MSS_MSS_CM3_0_hw_platform\Debug\libbluetooth_MSS_MSS_CM3_0_hw_platform.a(mss_uart.o)
g_mss_uart0         0x28              C:\Users\leahsch\Desktop\bluetooth\SoftConsole\bluetooth_MSS_MSS_CM3_0\bluetooth_MSS_MSS_CM3_0_hw_platform\Debug\libbluetooth_MSS_MSS_CM3_0_hw_platform.a(mss_uart.o)

Discarded input sections

 .text          0x00000000        0x0 c:/actel/libero_v9.1/softconsole/sourcery-g++/bin/../lib/gcc/arm-none-eabi/4.4.1/thumb2/crti.o
 .data          0x00000000        0x0 c:/actel/libero_v9.1/softconsole/sourcery-g++/bin/../lib/gcc/arm-none-eabi/4.4.1/thumb2/crti.o
 .bss           0x00000000        0x0 c:/actel/libero_v9.1/softconsole/sourcery-g++/bin/../lib/gcc/arm-none-eabi/4.4.1/thumb2/crti.o
 .data          0x00000000        0x4 c:/actel/libero_v9.1/softconsole/sourcery-g++/bin/../lib/gcc/arm-none-eabi/4.4.1/thumb2/crtbegin.o
 .text          0x00000000        0x0 ./main.o
 .data          0x00000000        0x0 ./main.o
 .bss           0x00000000        0x0 ./main.o
 .text          0x00000000        0x0 C:/Users/leahsch/Desktop/bluetooth/SoftConsole/bluetooth_MSS_MSS_CM3_0/bluetooth_MSS_MSS_CM3_0_hw_platform/Debug/CMSIS/startup_gcc/startup_a2fxxxm3.o
 .data          0x00000000        0x0 C:/Users/leahsch/Desktop/bluetooth/SoftConsole/bluetooth_MSS_MSS_CM3_0/bluetooth_MSS_MSS_CM3_0_hw_platform/Debug/CMSIS/startup_gcc/startup_a2fxxxm3.o
 .bss           0x00000000        0x0 C:/Users/leahsch/Desktop/bluetooth/SoftConsole/bluetooth_MSS_MSS_CM3_0/bluetooth_MSS_MSS_CM3_0_hw_platform/Debug/CMSIS/startup_gcc/startup_a2fxxxm3.o
 .text          0x00000000        0x0 C:/Users/leahsch/Desktop/bluetooth/SoftConsole/bluetooth_MSS_MSS_CM3_0/bluetooth_MSS_MSS_CM3_0_hw_platform/Debug/CMSIS/startup_gcc/newlib_stubs.o
 .data          0x00000000        0x0 C:/Users/leahsch/Desktop/bluetooth/SoftConsole/bluetooth_MSS_MSS_CM3_0/bluetooth_MSS_MSS_CM3_0_hw_platform/Debug/CMSIS/startup_gcc/newlib_stubs.o
 .bss           0x00000000        0x0 C:/Users/leahsch/Desktop/bluetooth/SoftConsole/bluetooth_MSS_MSS_CM3_0/bluetooth_MSS_MSS_CM3_0_hw_platform/Debug/CMSIS/startup_gcc/newlib_stubs.o
 .text._close   0x00000000        0x8 C:/Users/leahsch/Desktop/bluetooth/SoftConsole/bluetooth_MSS_MSS_CM3_0/bluetooth_MSS_MSS_CM3_0_hw_platform/Debug/CMSIS/startup_gcc/newlib_stubs.o
 .text._exit    0x00000000        0x4 C:/Users/leahsch/Desktop/bluetooth/SoftConsole/bluetooth_MSS_MSS_CM3_0/bluetooth_MSS_MSS_CM3_0_hw_platform/Debug/CMSIS/startup_gcc/newlib_stubs.o
 .text._fstat   0x00000000        0xc C:/Users/leahsch/Desktop/bluetooth/SoftConsole/bluetooth_MSS_MSS_CM3_0/bluetooth_MSS_MSS_CM3_0_hw_platform/Debug/CMSIS/startup_gcc/newlib_stubs.o
 .text._getpid  0x00000000        0x8 C:/Users/leahsch/Desktop/bluetooth/SoftConsole/bluetooth_MSS_MSS_CM3_0/bluetooth_MSS_MSS_CM3_0_hw_platform/Debug/CMSIS/startup_gcc/newlib_stubs.o
 .text._isatty  0x00000000        0x8 C:/Users/leahsch/Desktop/bluetooth/SoftConsole/bluetooth_MSS_MSS_CM3_0/bluetooth_MSS_MSS_CM3_0_hw_platform/Debug/CMSIS/startup_gcc/newlib_stubs.o
 .text._lseek   0x00000000        0x8 C:/Users/leahsch/Desktop/bluetooth/SoftConsole/bluetooth_MSS_MSS_CM3_0/bluetooth_MSS_MSS_CM3_0_hw_platform/Debug/CMSIS/startup_gcc/newlib_stubs.o
 .text._open    0x00000000        0x8 C:/Users/leahsch/Desktop/bluetooth/SoftConsole/bluetooth_MSS_MSS_CM3_0/bluetooth_MSS_MSS_CM3_0_hw_platform/Debug/CMSIS/startup_gcc/newlib_stubs.o
 .text._read    0x00000000        0x8 C:/Users/leahsch/Desktop/bluetooth/SoftConsole/bluetooth_MSS_MSS_CM3_0/bluetooth_MSS_MSS_CM3_0_hw_platform/Debug/CMSIS/startup_gcc/newlib_stubs.o
 .text._stat    0x00000000        0xc C:/Users/leahsch/Desktop/bluetooth/SoftConsole/bluetooth_MSS_MSS_CM3_0/bluetooth_MSS_MSS_CM3_0_hw_platform/Debug/CMSIS/startup_gcc/newlib_stubs.o
 .text._times   0x00000000        0x8 C:/Users/leahsch/Desktop/bluetooth/SoftConsole/bluetooth_MSS_MSS_CM3_0/bluetooth_MSS_MSS_CM3_0_hw_platform/Debug/CMSIS/startup_gcc/newlib_stubs.o
 .text._wait    0x00000000       0x14 C:/Users/leahsch/Desktop/bluetooth/SoftConsole/bluetooth_MSS_MSS_CM3_0/bluetooth_MSS_MSS_CM3_0_hw_platform/Debug/CMSIS/startup_gcc/newlib_stubs.o
 .text._unlink  0x00000000       0x14 C:/Users/leahsch/Desktop/bluetooth/SoftConsole/bluetooth_MSS_MSS_CM3_0/bluetooth_MSS_MSS_CM3_0_hw_platform/Debug/CMSIS/startup_gcc/newlib_stubs.o
 .text._link    0x00000000       0x14 C:/Users/leahsch/Desktop/bluetooth/SoftConsole/bluetooth_MSS_MSS_CM3_0/bluetooth_MSS_MSS_CM3_0_hw_platform/Debug/CMSIS/startup_gcc/newlib_stubs.o
 .text._kill    0x00000000       0x14 C:/Users/leahsch/Desktop/bluetooth/SoftConsole/bluetooth_MSS_MSS_CM3_0/bluetooth_MSS_MSS_CM3_0_hw_platform/Debug/CMSIS/startup_gcc/newlib_stubs.o
 .text._fork    0x00000000       0x14 C:/Users/leahsch/Desktop/bluetooth/SoftConsole/bluetooth_MSS_MSS_CM3_0/bluetooth_MSS_MSS_CM3_0_hw_platform/Debug/CMSIS/startup_gcc/newlib_stubs.o
 .text._execve  0x00000000       0x14 C:/Users/leahsch/Desktop/bluetooth/SoftConsole/bluetooth_MSS_MSS_CM3_0/bluetooth_MSS_MSS_CM3_0_hw_platform/Debug/CMSIS/startup_gcc/newlib_stubs.o
 .text._write_r
                0x00000000       0x48 C:/Users/leahsch/Desktop/bluetooth/SoftConsole/bluetooth_MSS_MSS_CM3_0/bluetooth_MSS_MSS_CM3_0_hw_platform/Debug/CMSIS/startup_gcc/newlib_stubs.o
 .text._sbrk    0x00000000       0x64 C:/Users/leahsch/Desktop/bluetooth/SoftConsole/bluetooth_MSS_MSS_CM3_0/bluetooth_MSS_MSS_CM3_0_hw_platform/Debug/CMSIS/startup_gcc/newlib_stubs.o
 .data.environ  0x00000000        0x4 C:/Users/leahsch/Desktop/bluetooth/SoftConsole/bluetooth_MSS_MSS_CM3_0/bluetooth_MSS_MSS_CM3_0_hw_platform/Debug/CMSIS/startup_gcc/newlib_stubs.o
 .bss.__env     0x00000000        0x4 C:/Users/leahsch/Desktop/bluetooth/SoftConsole/bluetooth_MSS_MSS_CM3_0/bluetooth_MSS_MSS_CM3_0_hw_platform/Debug/CMSIS/startup_gcc/newlib_stubs.o
 .bss.g_stdio_uart_init_done
                0x00000000        0x4 C:/Users/leahsch/Desktop/bluetooth/SoftConsole/bluetooth_MSS_MSS_CM3_0/bluetooth_MSS_MSS_CM3_0_hw_platform/Debug/CMSIS/startup_gcc/newlib_stubs.o
 .rodata.str1.4
                0x00000000       0x1c C:/Users/leahsch/Desktop/bluetooth/SoftConsole/bluetooth_MSS_MSS_CM3_0/bluetooth_MSS_MSS_CM3_0_hw_platform/Debug/CMSIS/startup_gcc/newlib_stubs.o
 .bss.heap_end.3583
                0x00000000        0x4 C:/Users/leahsch/Desktop/bluetooth/SoftConsole/bluetooth_MSS_MSS_CM3_0/bluetooth_MSS_MSS_CM3_0_hw_platform/Debug/CMSIS/startup_gcc/newlib_stubs.o
 .text          0x00000000        0x0 C:\Users\leahsch\Desktop\bluetooth\SoftConsole\bluetooth_MSS_MSS_CM3_0\bluetooth_MSS_MSS_CM3_0_hw_platform\Debug\libbluetooth_MSS_MSS_CM3_0_hw_platform.a(mss_uart.o)
 .data          0x00000000        0x0 C:\Users\leahsch\Desktop\bluetooth\SoftConsole\bluetooth_MSS_MSS_CM3_0\bluetooth_MSS_MSS_CM3_0_hw_platform\Debug\libbluetooth_MSS_MSS_CM3_0_hw_platform.a(mss_uart.o)
 .bss           0x00000000        0x0 C:\Users\leahsch\Desktop\bluetooth\SoftConsole\bluetooth_MSS_MSS_CM3_0\bluetooth_MSS_MSS_CM3_0_hw_platform\Debug\libbluetooth_MSS_MSS_CM3_0_hw_platform.a(mss_uart.o)
 .text.MSS_UART_polled_tx
                0x00000000       0xac C:\Users\leahsch\Desktop\bluetooth\SoftConsole\bluetooth_MSS_MSS_CM3_0\bluetooth_MSS_MSS_CM3_0_hw_platform\Debug\libbluetooth_MSS_MSS_CM3_0_hw_platform.a(mss_uart.o)
 .text.MSS_UART_irq_tx
                0x00000000       0x98 C:\Users\leahsch\Desktop\bluetooth\SoftConsole\bluetooth_MSS_MSS_CM3_0\bluetooth_MSS_MSS_CM3_0_hw_platform\Debug\libbluetooth_MSS_MSS_CM3_0_hw_platform.a(mss_uart.o)
 .text.MSS_UART_tx_complete
                0x00000000       0x3c C:\Users\leahsch\Desktop\bluetooth\SoftConsole\bluetooth_MSS_MSS_CM3_0\bluetooth_MSS_MSS_CM3_0_hw_platform\Debug\libbluetooth_MSS_MSS_CM3_0_hw_platform.a(mss_uart.o)
 .text.MSS_UART_enable_irq
                0x00000000       0x68 C:\Users\leahsch\Desktop\bluetooth\SoftConsole\bluetooth_MSS_MSS_CM3_0\bluetooth_MSS_MSS_CM3_0_hw_platform\Debug\libbluetooth_MSS_MSS_CM3_0_hw_platform.a(mss_uart.o)
 .text.MSS_UART_disable_irq
                0x00000000       0x60 C:\Users\leahsch\Desktop\bluetooth\SoftConsole\bluetooth_MSS_MSS_CM3_0\bluetooth_MSS_MSS_CM3_0_hw_platform\Debug\libbluetooth_MSS_MSS_CM3_0_hw_platform.a(mss_uart.o)
 .text.MSS_UART_set_rx_handler
                0x00000000       0xa4 C:\Users\leahsch\Desktop\bluetooth\SoftConsole\bluetooth_MSS_MSS_CM3_0\bluetooth_MSS_MSS_CM3_0_hw_platform\Debug\libbluetooth_MSS_MSS_CM3_0_hw_platform.a(mss_uart.o)
 .text.MSS_UART_set_loopback
                0x00000000       0x38 C:\Users\leahsch\Desktop\bluetooth\SoftConsole\bluetooth_MSS_MSS_CM3_0\bluetooth_MSS_MSS_CM3_0_hw_platform\Debug\libbluetooth_MSS_MSS_CM3_0_hw_platform.a(mss_uart.o)
 .text.MSS_UART_set_rxstatus_handler
                0x00000000       0x80 C:\Users\leahsch\Desktop\bluetooth\SoftConsole\bluetooth_MSS_MSS_CM3_0\bluetooth_MSS_MSS_CM3_0_hw_platform\Debug\libbluetooth_MSS_MSS_CM3_0_hw_platform.a(mss_uart.o)
 .text.MSS_UART_set_tx_handler
                0x00000000       0x88 C:\Users\leahsch\Desktop\bluetooth\SoftConsole\bluetooth_MSS_MSS_CM3_0\bluetooth_MSS_MSS_CM3_0_hw_platform\Debug\libbluetooth_MSS_MSS_CM3_0_hw_platform.a(mss_uart.o)
 .text.MSS_UART_set_modemstatus_handler
                0x00000000       0x80 C:\Users\leahsch\Desktop\bluetooth\SoftConsole\bluetooth_MSS_MSS_CM3_0\bluetooth_MSS_MSS_CM3_0_hw_platform\Debug\libbluetooth_MSS_MSS_CM3_0_hw_platform.a(mss_uart.o)
 .text.MSS_UART_fill_tx_fifo
                0x00000000       0x94 C:\Users\leahsch\Desktop\bluetooth\SoftConsole\bluetooth_MSS_MSS_CM3_0\bluetooth_MSS_MSS_CM3_0_hw_platform\Debug\libbluetooth_MSS_MSS_CM3_0_hw_platform.a(mss_uart.o)
 .text.MSS_UART_get_rx_status
                0x00000000       0x38 C:\Users\leahsch\Desktop\bluetooth\SoftConsole\bluetooth_MSS_MSS_CM3_0\bluetooth_MSS_MSS_CM3_0_hw_platform\Debug\libbluetooth_MSS_MSS_CM3_0_hw_platform.a(mss_uart.o)
 .text.MSS_UART_get_modem_status
                0x00000000       0x28 C:\Users\leahsch\Desktop\bluetooth\SoftConsole\bluetooth_MSS_MSS_CM3_0\bluetooth_MSS_MSS_CM3_0_hw_platform\Debug\libbluetooth_MSS_MSS_CM3_0_hw_platform.a(mss_uart.o)
 .text.MSS_UART_get_tx_status
                0x00000000       0x34 C:\Users\leahsch\Desktop\bluetooth\SoftConsole\bluetooth_MSS_MSS_CM3_0\bluetooth_MSS_MSS_CM3_0_hw_platform\Debug\libbluetooth_MSS_MSS_CM3_0_hw_platform.a(mss_uart.o)
 .text          0x00000000        0x0 C:\Users\leahsch\Desktop\bluetooth\SoftConsole\bluetooth_MSS_MSS_CM3_0\bluetooth_MSS_MSS_CM3_0_hw_platform\Debug\libbluetooth_MSS_MSS_CM3_0_hw_platform.a(system_a2fxxxm3.o)
 .data          0x00000000        0x0 C:\Users\leahsch\Desktop\bluetooth\SoftConsole\bluetooth_MSS_MSS_CM3_0\bluetooth_MSS_MSS_CM3_0_hw_platform\Debug\libbluetooth_MSS_MSS_CM3_0_hw_platform.a(system_a2fxxxm3.o)
 .bss           0x00000000        0x0 C:\Users\leahsch\Desktop\bluetooth\SoftConsole\bluetooth_MSS_MSS_CM3_0\bluetooth_MSS_MSS_CM3_0_hw_platform\Debug\libbluetooth_MSS_MSS_CM3_0_hw_platform.a(system_a2fxxxm3.o)
 .text          0x00000000        0xc c:/actel/libero_v9.1/softconsole/sourcery-g++/bin/../lib/gcc/arm-none-eabi/4.4.1/../../../../arm-none-eabi/lib/thumb2\libc.a(lib_a-errno.o)
 .data          0x00000000        0x0 c:/actel/libero_v9.1/softconsole/sourcery-g++/bin/../lib/gcc/arm-none-eabi/4.4.1/../../../../arm-none-eabi/lib/thumb2\libc.a(lib_a-errno.o)
 .bss           0x00000000        0x0 c:/actel/libero_v9.1/softconsole/sourcery-g++/bin/../lib/gcc/arm-none-eabi/4.4.1/../../../../arm-none-eabi/lib/thumb2\libc.a(lib_a-errno.o)
 .text          0x00000000        0x0 c:/actel/libero_v9.1/softconsole/sourcery-g++/bin/../lib/gcc/arm-none-eabi/4.4.1/../../../../arm-none-eabi/lib/thumb2\libc.a(lib_a-impure.o)
 .data          0x00000000       0xf4 c:/actel/libero_v9.1/softconsole/sourcery-g++/bin/../lib/gcc/arm-none-eabi/4.4.1/../../../../arm-none-eabi/lib/thumb2\libc.a(lib_a-impure.o)
 .bss           0x00000000        0x0 c:/actel/libero_v9.1/softconsole/sourcery-g++/bin/../lib/gcc/arm-none-eabi/4.4.1/../../../../arm-none-eabi/lib/thumb2\libc.a(lib_a-impure.o)
 .rodata        0x00000000        0x4 c:/actel/libero_v9.1/softconsole/sourcery-g++/bin/../lib/gcc/arm-none-eabi/4.4.1/../../../../arm-none-eabi/lib/thumb2\libc.a(lib_a-impure.o)
 .rodata.str1.4
                0x00000000        0x4 c:/actel/libero_v9.1/softconsole/sourcery-g++/bin/../lib/gcc/arm-none-eabi/4.4.1/../../../../arm-none-eabi/lib/thumb2\libc.a(lib_a-impure.o)
 .data          0x00000000        0x0 c:/actel/libero_v9.1/softconsole/sourcery-g++/bin/../lib/gcc/arm-none-eabi/4.4.1/../../../../arm-none-eabi/lib/thumb2\libc.a(lib_a-init.o)
 .bss           0x00000000        0x0 c:/actel/libero_v9.1/softconsole/sourcery-g++/bin/../lib/gcc/arm-none-eabi/4.4.1/../../../../arm-none-eabi/lib/thumb2\libc.a(lib_a-init.o)
 .data          0x00000000        0x0 c:/actel/libero_v9.1/softconsole/sourcery-g++/bin/../lib/gcc/arm-none-eabi/4.4.1/../../../../arm-none-eabi/lib/thumb2\libc.a(lib_a-memset.o)
 .bss           0x00000000        0x0 c:/actel/libero_v9.1/softconsole/sourcery-g++/bin/../lib/gcc/arm-none-eabi/4.4.1/../../../../arm-none-eabi/lib/thumb2\libc.a(lib_a-memset.o)
 .text          0x00000000        0x0 c:/actel/libero_v9.1/softconsole/sourcery-g++/bin/../lib/gcc/arm-none-eabi/4.4.1/thumb2/crtend.o
 .data          0x00000000        0x0 c:/actel/libero_v9.1/softconsole/sourcery-g++/bin/../lib/gcc/arm-none-eabi/4.4.1/thumb2/crtend.o
 .bss           0x00000000        0x0 c:/actel/libero_v9.1/softconsole/sourcery-g++/bin/../lib/gcc/arm-none-eabi/4.4.1/thumb2/crtend.o
 .text          0x00000000        0x0 c:/actel/libero_v9.1/softconsole/sourcery-g++/bin/../lib/gcc/arm-none-eabi/4.4.1/thumb2/crtn.o
 .data          0x00000000        0x0 c:/actel/libero_v9.1/softconsole/sourcery-g++/bin/../lib/gcc/arm-none-eabi/4.4.1/thumb2/crtn.o
 .bss           0x00000000        0x0 c:/actel/libero_v9.1/softconsole/sourcery-g++/bin/../lib/gcc/arm-none-eabi/4.4.1/thumb2/crtn.o

Memory Configuration

Name             Origin             Length             Attributes
ram              0x20000000         0x00010000         xrw
*default*        0x00000000         0xffffffff

Linker script and memory map

LOAD c:/actel/libero_v9.1/softconsole/sourcery-g++/bin/../lib/gcc/arm-none-eabi/4.4.1/thumb2/crti.o
LOAD c:/actel/libero_v9.1/softconsole/sourcery-g++/bin/../lib/gcc/arm-none-eabi/4.4.1/thumb2/crtbegin.o
LOAD ./main.o
LOAD C:/Users/leahsch/Desktop/bluetooth/SoftConsole/bluetooth_MSS_MSS_CM3_0/bluetooth_MSS_MSS_CM3_0_hw_platform/Debug/CMSIS/startup_gcc/startup_a2fxxxm3.o
LOAD C:/Users/leahsch/Desktop/bluetooth/SoftConsole/bluetooth_MSS_MSS_CM3_0/bluetooth_MSS_MSS_CM3_0_hw_platform/Debug/CMSIS/startup_gcc/newlib_stubs.o
LOAD C:\Users\leahsch\Desktop\bluetooth\SoftConsole\bluetooth_MSS_MSS_CM3_0\bluetooth_MSS_MSS_CM3_0_hw_platform\Debug\libbluetooth_MSS_MSS_CM3_0_hw_platform.a
START GROUP
LOAD c:/actel/libero_v9.1/softconsole/sourcery-g++/bin/../lib/gcc/arm-none-eabi/4.4.1/thumb2\libgcc.a
LOAD c:/actel/libero_v9.1/softconsole/sourcery-g++/bin/../lib/gcc/arm-none-eabi/4.4.1/../../../../arm-none-eabi/lib/thumb2\libc.a
END GROUP
LOAD c:/actel/libero_v9.1/softconsole/sourcery-g++/bin/../lib/gcc/arm-none-eabi/4.4.1/thumb2/crtend.o
LOAD c:/actel/libero_v9.1/softconsole/sourcery-g++/bin/../lib/gcc/arm-none-eabi/4.4.1/thumb2/crtn.o
START GROUP
LOAD c:/actel/libero_v9.1/softconsole/sourcery-g++/bin/../lib/gcc/arm-none-eabi/4.4.1/../../../../arm-none-eabi/lib/thumb2\libc.a
LOAD c:/actel/libero_v9.1/softconsole/sourcery-g++/bin/../lib/gcc/arm-none-eabi/4.4.1/thumb2\libgcc.a
LOAD c:/actel/libero_v9.1/softconsole/sourcery-g++/bin/../lib/gcc/arm-none-eabi/4.4.1/../../../../arm-none-eabi/lib/thumb2\libm.a
END GROUP
                0x00000000                __DYNAMIC = 0x0
                0x20000000                RAM_START_ADDRESS = 0x20000000
                0x00010000                RAM_SIZE = 0x10000
                0x00002000                MAIN_STACK_SIZE = 0x2000
                0x00001000                PROCESS_STACK_SIZE = 0x1000
                0x20010000                PROVIDE (__main_stack_start, (RAM_START_ADDRESS + RAM_SIZE))
                0x2000e000                PROVIDE (__process_stack_start, (__main_stack_start - MAIN_STACK_SIZE))
                0x20010000                PROVIDE (_estack, __main_stack_start)
                0x00000000                PROVIDE (__mirrored_nvm, 0x0)

.text           0x20000000      0xbd4
 CREATE_OBJECT_SYMBOLS
                0x20000000                __text_load = LOADADDR (.text)
                0x20000000                __text_start = .
                0x20000000                __vector_table_vma_base_address = .
 *(.isr_vector)
 .isr_vector    0x20000000      0x470 C:/Users/leahsch/Desktop/bluetooth/SoftConsole/bluetooth_MSS_MSS_CM3_0/bluetooth_MSS_MSS_CM3_0_hw_platform/Debug/CMSIS/startup_gcc/startup_a2fxxxm3.o
                0x20000000                g_pfnVectors
                0x20000298                Reset_Handler
                0x20000308                NMI_Handler
                0x2000030a                HardFault_Handler
                0x2000030c                MemManage_Handler
                0x2000030e                BusFault_Handler
                0x20000310                UsageFault_Handler
                0x20000312                SVC_Handler
                0x20000314                DebugMon_Handler
                0x20000316                PendSV_Handler
                0x20000318                SysTick_Handler
                0x2000031a                WdogWakeup_IRQHandler
                0x2000031c                BrownOut_1_5V_IRQHandler
                0x2000031e                BrownOut_3_3V_IRQHandler
                0x20000320                RTC_Match_IRQHandler
                0x20000322                RTCIF_Pub_IRQHandler
                0x20000324                EthernetMAC_IRQHandler
                0x20000326                IAP_IRQHandler
                0x20000328                ENVM0_IRQHandler
                0x2000032a                ENVM1_IRQHandler
                0x2000032c                DMA_IRQHandler
                0x20000332                SPI0_IRQHandler
                0x20000334                SPI1_IRQHandler
                0x20000336                I2C0_IRQHandler
                0x20000338                I2C0_SMBAlert_IRQHandler
                0x2000033a                I2C0_SMBus_IRQHandler
                0x2000033c                I2C1_IRQHandler
                0x2000033e                I2C1_SMBAlert_IRQHandler
                0x20000340                I2C1_SMBus_IRQHandler
                0x20000342                Timer1_IRQHandler
                0x20000344                Timer2_IRQHandler
                0x20000346                PLL_Lock_IRQHandler
                0x20000348                PLL_LockLost_IRQHandler
                0x2000034a                CommError_IRQHandler
                0x2000034c                Fabric_IRQHandler
                0x2000034e                GPIO0_IRQHandler
                0x20000350                GPIO1_IRQHandler
                0x20000352                GPIO2_IRQHandler
                0x20000354                GPIO3_IRQHandler
                0x20000356                GPIO4_IRQHandler
                0x20000358                GPIO5_IRQHandler
                0x2000035a                GPIO6_IRQHandler
                0x2000035c                GPIO7_IRQHandler
                0x2000035e                GPIO8_IRQHandler
                0x20000360                GPIO9_IRQHandler
                0x20000362                GPIO10_IRQHandler
                0x20000364                GPIO11_IRQHandler
                0x20000366                GPIO12_IRQHandler
                0x20000368                GPIO13_IRQHandler
                0x2000036a                GPIO14_IRQHandler
                0x2000036c                GPIO15_IRQHandler
                0x2000036e                GPIO16_IRQHandler
                0x20000370                GPIO17_IRQHandler
                0x20000372                GPIO18_IRQHandler
                0x20000374                GPIO19_IRQHandler
                0x20000376                GPIO20_IRQHandler
                0x20000378                GPIO21_IRQHandler
                0x2000037a                GPIO22_IRQHandler
                0x2000037c                GPIO23_IRQHandler
                0x2000037e                GPIO24_IRQHandler
                0x20000380                GPIO25_IRQHandler
                0x20000382                GPIO26_IRQHandler
                0x20000384                GPIO27_IRQHandler
                0x20000386                GPIO28_IRQHandler
                0x20000388                GPIO29_IRQHandler
                0x2000038a                GPIO30_IRQHandler
                0x2000038c                GPIO31_IRQHandler
                0x2000038e                ACE_PC0_Flag0_IRQHandler
                0x20000390                ACE_PC0_Flag1_IRQHandler
                0x20000392                ACE_PC0_Flag2_IRQHandler
                0x20000394                ACE_PC0_Flag3_IRQHandler
                0x20000396                ACE_PC1_Flag0_IRQHandler
                0x20000398                ACE_PC1_Flag1_IRQHandler
                0x2000039a                ACE_PC1_Flag2_IRQHandler
                0x2000039c                ACE_PC1_Flag3_IRQHandler
                0x2000039e                ACE_PC2_Flag0_IRQHandler
                0x200003a0                ACE_PC2_Flag1_IRQHandler
                0x200003a2                ACE_PC2_Flag2_IRQHandler
                0x200003a4                ACE_PC2_Flag3_IRQHandler
                0x200003a6                ACE_ADC0_DataValid_IRQHandler
                0x200003a8                ACE_ADC1_DataValid_IRQHandler
                0x200003aa                ACE_ADC2_DataValid_IRQHandler
                0x200003ac                ACE_ADC0_CalDone_IRQHandler
                0x200003ae                ACE_ADC1_CalDone_IRQHandler
                0x200003b0                ACE_ADC2_CalDone_IRQHandler
                0x200003b2                ACE_ADC0_CalStart_IRQHandler
                0x200003b4                ACE_ADC1_CalStart_IRQHandler
                0x200003b6                ACE_ADC2_CalStart_IRQHandler
                0x200003b8                ACE_Comp0_Fall_IRQHandler
                0x200003ba                ACE_Comp1_Fall_IRQHandler
                0x200003bc                ACE_Comp2_Fall_IRQHandler
                0x200003be                ACE_Comp3_Fall_IRQHandler
                0x200003c0                ACE_Comp4_Fall_IRQHandler
                0x200003c2                ACE_Comp5_Fall_IRQHandler
                0x200003c4                ACE_Comp6_Fall_IRQHandler
                0x200003c6                ACE_Comp7_Fall_IRQHandler
                0x200003c8                ACE_Comp8_Fall_IRQHandler
                0x200003ca                ACE_Comp9_Fall_IRQHandler
                0x200003cc                ACE_Comp10_Fall_IRQHandler
                0x200003ce                ACE_Comp11_Fall_IRQHandler
                0x200003d0                ACE_Comp0_Rise_IRQHandler
                0x200003d2                ACE_Comp1_Rise_IRQHandler
                0x200003d4                ACE_Comp2_Rise_IRQHandler
                0x200003d6                ACE_Comp3_Rise_IRQHandler
                0x200003d8                ACE_Comp4_Rise_IRQHandler
                0x200003da                ACE_Comp5_Rise_IRQHandler
                0x200003dc                ACE_Comp6_Rise_IRQHandler
                0x200003de                ACE_Comp7_Rise_IRQHandler
                0x200003e0                ACE_Comp8_Rise_IRQHandler
                0x200003e2                ACE_Comp9_Rise_IRQHandler
                0x200003e4                ACE_Comp10_Rise_IRQHandler
                0x200003e6                ACE_Comp11_Rise_IRQHandler
                0x200003e8                ACE_ADC0_FifoFull_IRQHandler
                0x200003ea                ACE_ADC0_FifoAFull_IRQHandler
                0x200003ec                ACE_ADC0_FifoEmpty_IRQHandler
                0x200003ee                ACE_ADC1_FifoFull_IRQHandler
                0x200003f0                ACE_ADC1_FifoAFull_IRQHandler
                0x200003f2                ACE_ADC1_FifoEmpty_IRQHandler
                0x200003f4                ACE_ADC2_FifoFull_IRQHandler
                0x200003f6                ACE_ADC2_FifoAFull_IRQHandler
                0x200003f8                ACE_ADC2_FifoEmpty_IRQHandler
                0x200003fa                ACE_PPE_Flag0_IRQHandler
                0x200003fc                ACE_PPE_Flag1_IRQHandler
                0x200003fe                ACE_PPE_Flag2_IRQHandler
                0x20000400                ACE_PPE_Flag3_IRQHandler
                0x20000402                ACE_PPE_Flag4_IRQHandler
                0x20000404                ACE_PPE_Flag5_IRQHandler
                0x20000406                ACE_PPE_Flag6_IRQHandler
                0x20000408                ACE_PPE_Flag7_IRQHandler
                0x2000040a                ACE_PPE_Flag8_IRQHandler
                0x2000040c                ACE_PPE_Flag9_IRQHandler
                0x2000040e                ACE_PPE_Flag10_IRQHandler
                0x20000410                ACE_PPE_Flag11_IRQHandler
                0x20000412                ACE_PPE_Flag12_IRQHandler
                0x20000414                ACE_PPE_Flag13_IRQHandler
                0x20000416                ACE_PPE_Flag14_IRQHandler
                0x20000418                ACE_PPE_Flag15_IRQHandler
                0x2000041a                ACE_PPE_Flag16_IRQHandler
                0x2000041c                ACE_PPE_Flag17_IRQHandler
                0x2000041e                ACE_PPE_Flag18_IRQHandler
                0x20000420                ACE_PPE_Flag19_IRQHandler
                0x20000422                ACE_PPE_Flag20_IRQHandler
                0x20000424                ACE_PPE_Flag21_IRQHandler
                0x20000426                ACE_PPE_Flag22_IRQHandler
                0x20000428                ACE_PPE_Flag23_IRQHandler
                0x2000042a                ACE_PPE_Flag24_IRQHandler
                0x2000042c                ACE_PPE_Flag25_IRQHandler
                0x2000042e                ACE_PPE_Flag26_IRQHandler
                0x20000430                ACE_PPE_Flag27_IRQHandler
                0x20000432                ACE_PPE_Flag28_IRQHandler
                0x20000434                ACE_PPE_Flag29_IRQHandler
                0x20000436                ACE_PPE_Flag30_IRQHandler
                0x20000438                ACE_PPE_Flag31_IRQHandler
 *(.text .text.* .gnu.linkonce.t.*)
 .text          0x20000470       0x30 c:/actel/libero_v9.1/softconsole/sourcery-g++/bin/../lib/gcc/arm-none-eabi/4.4.1/thumb2/crtbegin.o
 .text.main     0x200004a0       0xb8 ./main.o
                0x200004a0                main
 .text.MSS_UART_polled_tx_string
                0x20000558       0x90 C:\Users\leahsch\Desktop\bluetooth\SoftConsole\bluetooth_MSS_MSS_CM3_0\bluetooth_MSS_MSS_CM3_0_hw_platform\Debug\libbluetooth_MSS_MSS_CM3_0_hw_platform.a(mss_uart.o)
                0x20000558                MSS_UART_polled_tx_string
 .text.MSS_UART_get_rx
                0x200005e8       0x9c C:\Users\leahsch\Desktop\bluetooth\SoftConsole\bluetooth_MSS_MSS_CM3_0\bluetooth_MSS_MSS_CM3_0_hw_platform\Debug\libbluetooth_MSS_MSS_CM3_0_hw_platform.a(mss_uart.o)
                0x200005e8                MSS_UART_get_rx
 .text.MSS_UART_isr
                0x20000684       0x70 C:\Users\leahsch\Desktop\bluetooth\SoftConsole\bluetooth_MSS_MSS_CM3_0\bluetooth_MSS_MSS_CM3_0_hw_platform\Debug\libbluetooth_MSS_MSS_CM3_0_hw_platform.a(mss_uart.o)
 .text.default_tx_handler
                0x200006f4       0xa8 C:\Users\leahsch\Desktop\bluetooth\SoftConsole\bluetooth_MSS_MSS_CM3_0\bluetooth_MSS_MSS_CM3_0_hw_platform\Debug\libbluetooth_MSS_MSS_CM3_0_hw_platform.a(mss_uart.o)
 .text.UART0_IRQHandler
                0x2000079c       0x30 C:\Users\leahsch\Desktop\bluetooth\SoftConsole\bluetooth_MSS_MSS_CM3_0\bluetooth_MSS_MSS_CM3_0_hw_platform\Debug\libbluetooth_MSS_MSS_CM3_0_hw_platform.a(mss_uart.o)
                0x2000079c                UART0_IRQHandler
 .text.UART1_IRQHandler
                0x200007cc       0x30 C:\Users\leahsch\Desktop\bluetooth\SoftConsole\bluetooth_MSS_MSS_CM3_0\bluetooth_MSS_MSS_CM3_0_hw_platform\Debug\libbluetooth_MSS_MSS_CM3_0_hw_platform.a(mss_uart.o)
                0x200007cc                UART1_IRQHandler
 .text.MSS_UART_init
                0x200007fc      0x150 C:\Users\leahsch\Desktop\bluetooth\SoftConsole\bluetooth_MSS_MSS_CM3_0\bluetooth_MSS_MSS_CM3_0_hw_platform\Debug\libbluetooth_MSS_MSS_CM3_0_hw_platform.a(mss_uart.o)
                0x200007fc                MSS_UART_init
 .text.SystemInit
                0x2000094c        0x4 C:\Users\leahsch\Desktop\bluetooth\SoftConsole\bluetooth_MSS_MSS_CM3_0\bluetooth_MSS_MSS_CM3_0_hw_platform\Debug\libbluetooth_MSS_MSS_CM3_0_hw_platform.a(system_a2fxxxm3.o)
                0x2000094c                SystemInit
 .text.SystemCoreClockUpdate
                0x20000950      0x130 C:\Users\leahsch\Desktop\bluetooth\SoftConsole\bluetooth_MSS_MSS_CM3_0\bluetooth_MSS_MSS_CM3_0_hw_platform\Debug\libbluetooth_MSS_MSS_CM3_0_hw_platform.a(system_a2fxxxm3.o)
                0x20000950                SystemCoreClockUpdate
 .text          0x20000a80       0x50 c:/actel/libero_v9.1/softconsole/sourcery-g++/bin/../lib/gcc/arm-none-eabi/4.4.1/../../../../arm-none-eabi/lib/thumb2\libc.a(lib_a-init.o)
                0x20000a80                __libc_init_array
 .text          0x20000ad0       0xd4 c:/actel/libero_v9.1/softconsole/sourcery-g++/bin/../lib/gcc/arm-none-eabi/4.4.1/../../../../arm-none-eabi/lib/thumb2\libc.a(lib_a-memset.o)
                0x20000ad0                memset
 *(.plt)
 *(.gnu.warning)
 *(.glue_7t)
 .glue_7t       0x00000000        0x0 linker stubs
 *(.glue_7)
 .glue_7        0x00000000        0x0 linker stubs
 *(.vfp11_veneer)
 .vfp11_veneer  0x00000000        0x0 linker stubs
                0x20000ba4                . = ALIGN (0x4)
 *crtbegin.o(.ctors)
 *(EXCLUDE_FILE(*crtend.o) .ctors)
 *(SORT(.ctors.*))
 *crtend.o(.ctors)
 *crtbegin.o(.dtors)
 *(EXCLUDE_FILE(*crtend.o) .dtors)
 *(SORT(.dtors.*))
 *crtend.o(.dtors)
 *(.rodata .rodata.* .gnu.linkonce.r.*)
 .rodata.C.16.2565
                0x20000ba4       0x10 C:\Users\leahsch\Desktop\bluetooth\SoftConsole\bluetooth_MSS_MSS_CM3_0\bluetooth_MSS_MSS_CM3_0_hw_platform\Debug\libbluetooth_MSS_MSS_CM3_0_hw_platform.a(system_a2fxxxm3.o)
 *(.ARM.extab* .gnu.linkonce.armextab.*)
 *(.gcc_except_table)
 *(.eh_frame_hdr)
 *(.eh_frame)
 *(.init)
 .init          0x20000bb4        0x4 c:/actel/libero_v9.1/softconsole/sourcery-g++/bin/../lib/gcc/arm-none-eabi/4.4.1/thumb2/crti.o
                0x20000bb4                _init
 .init          0x20000bb8        0x8 c:/actel/libero_v9.1/softconsole/sourcery-g++/bin/../lib/gcc/arm-none-eabi/4.4.1/thumb2/crtn.o
 *(.fini)
 .fini          0x20000bc0        0x4 c:/actel/libero_v9.1/softconsole/sourcery-g++/bin/../lib/gcc/arm-none-eabi/4.4.1/thumb2/crti.o
                0x20000bc0                _fini
 .fini          0x20000bc4        0x8 c:/actel/libero_v9.1/softconsole/sourcery-g++/bin/../lib/gcc/arm-none-eabi/4.4.1/thumb2/crtn.o
                0x20000bcc                PROVIDE (__preinit_array_start, .)
 *(.preinit_array)
                0x20000bcc                PROVIDE (__preinit_array_end, .)
                0x20000bcc                PROVIDE (__init_array_start, .)
 *(SORT(.init_array.*))
 *(.init_array)
 .init_array    0x20000bcc        0x4 c:/actel/libero_v9.1/softconsole/sourcery-g++/bin/../lib/gcc/arm-none-eabi/4.4.1/thumb2/crtbegin.o
                0x20000bd0                PROVIDE (__init_array_end, .)
                0x20000bd0                PROVIDE (__fini_array_start, .)
 *(.fini_array)
 .fini_array    0x20000bd0        0x4 c:/actel/libero_v9.1/softconsole/sourcery-g++/bin/../lib/gcc/arm-none-eabi/4.4.1/thumb2/crtbegin.o
 *(SORT(.fini_array.*))
                0x20000bd4                PROVIDE (__fini_array_end, .)
                0x20000bd4                __exidx_start = .

.v4_bx          0x20000bd4        0x0
 .v4_bx         0x00000000        0x0 linker stubs

.ARM.exidx
 *(.ARM.exidx* .gnu.linkonce.armexidx.*)
                0x20000bd4                __exidx_end = .
                0x20000bd4                _etext = .
                0x20000bd4                PROVIDE (__text_end, .)

.data           0x20000bd4       0x1c
                0x20000bd4                __data_load = LOADADDR (.data)
                0x20000bd4                _sidata = LOADADDR (.data)
                0x20000bd4                __data_start = .
                0x20000bd4                _sdata = .
 *(.jcr)
 .jcr           0x20000bd4        0x0 c:/actel/libero_v9.1/softconsole/sourcery-g++/bin/../lib/gcc/arm-none-eabi/4.4.1/thumb2/crtbegin.o
 .jcr           0x20000bd4        0x4 c:/actel/libero_v9.1/softconsole/sourcery-g++/bin/../lib/gcc/arm-none-eabi/4.4.1/thumb2/crtend.o
 *(.got.plt)
 *(.got)
 *(.shdata)
 *(.data .data.* .gnu.linkonce.d.*)
 .data.g_FrequencyACE
                0x20000bd8        0x4 C:\Users\leahsch\Desktop\bluetooth\SoftConsole\bluetooth_MSS_MSS_CM3_0\bluetooth_MSS_MSS_CM3_0_hw_platform\Debug\libbluetooth_MSS_MSS_CM3_0_hw_platform.a(system_a2fxxxm3.o)
                0x20000bd8                g_FrequencyACE
 .data.g_FrequencyFPGA
                0x20000bdc        0x4 C:\Users\leahsch\Desktop\bluetooth\SoftConsole\bluetooth_MSS_MSS_CM3_0\bluetooth_MSS_MSS_CM3_0_hw_platform\Debug\libbluetooth_MSS_MSS_CM3_0_hw_platform.a(system_a2fxxxm3.o)
                0x20000bdc                g_FrequencyFPGA
 .data.g_FrequencyPCLK0
                0x20000be0        0x4 C:\Users\leahsch\Desktop\bluetooth\SoftConsole\bluetooth_MSS_MSS_CM3_0\bluetooth_MSS_MSS_CM3_0_hw_platform\Debug\libbluetooth_MSS_MSS_CM3_0_hw_platform.a(system_a2fxxxm3.o)
                0x20000be0                g_FrequencyPCLK0
 .data.g_FrequencyPCLK1
                0x20000be4        0x4 C:\Users\leahsch\Desktop\bluetooth\SoftConsole\bluetooth_MSS_MSS_CM3_0\bluetooth_MSS_MSS_CM3_0_hw_platform\Debug\libbluetooth_MSS_MSS_CM3_0_hw_platform.a(system_a2fxxxm3.o)
                0x20000be4                g_FrequencyPCLK1
 .data.SystemCoreClock
                0x20000be8        0x4 C:\Users\leahsch\Desktop\bluetooth\SoftConsole\bluetooth_MSS_MSS_CM3_0\bluetooth_MSS_MSS_CM3_0_hw_platform\Debug\libbluetooth_MSS_MSS_CM3_0_hw_platform.a(system_a2fxxxm3.o)
                0x20000be8                SystemCoreClock
 .data.SystemFrequency
                0x20000bec        0x4 C:\Users\leahsch\Desktop\bluetooth\SoftConsole\bluetooth_MSS_MSS_CM3_0\bluetooth_MSS_MSS_CM3_0_hw_platform\Debug\libbluetooth_MSS_MSS_CM3_0_hw_platform.a(system_a2fxxxm3.o)
                0x20000bec                SystemFrequency
                0x20000bf0                . = ALIGN (0x4)
                0x20000bf0                _edata = .

.bss            0x20000bf0       0x58
                0x20000bf0                __bss_start__ = .
                0x20000bf0                _sbss = .
 *(.shbss)
 *(.bss .bss.* .gnu.linkonce.b.*)
 .bss           0x20000bf0        0x1 c:/actel/libero_v9.1/softconsole/sourcery-g++/bin/../lib/gcc/arm-none-eabi/4.4.1/thumb2/crtbegin.o
 *(COMMON)
 *fill*         0x20000bf1        0x3 00
 COMMON         0x20000bf4       0x50 C:\Users\leahsch\Desktop\bluetooth\SoftConsole\bluetooth_MSS_MSS_CM3_0\bluetooth_MSS_MSS_CM3_0_hw_platform\Debug\libbluetooth_MSS_MSS_CM3_0_hw_platform.a(mss_uart.o)
                0x20000bf4                g_mss_uart1
                0x20000c1c                g_mss_uart0
                0x20000c48                . = ALIGN (0x8)
 *fill*         0x20000c44        0x4 00
                0x20000c48                __bss_end__ = .
                0x20000c48                _end = .
                0x20000c48                __end = _end
                0x20000c48                _ebss = .
                0x20000c48                PROVIDE (end, .)

.stack          0x20000c48     0x3000
                0x20000c48                . = ALIGN (0x4)
                0x20001c48                . = (. + PROCESS_STACK_SIZE)
 *fill*         0x20000c48     0x1000 00
                0x20001c48                . = ALIGN (0x4)
                0x20003c48                . = (. + MAIN_STACK_SIZE)
 *fill*         0x20001c48     0x2000 00
                0x20003c48                . = ALIGN (0x4)

.stab
 *(.stab)

.stabstr
 *(.stabstr)

.debug
 *(.debug)

.line
 *(.line)

.debug_srcinfo
 *(.debug_srcinfo)

.debug_sfnames
 *(.debug_sfnames)

.comment        0x00000000       0xac
 .comment       0x00000000       0x2b ./main.o
 .comment       0x0000002b       0x2b C:/Users/leahsch/Desktop/bluetooth/SoftConsole/bluetooth_MSS_MSS_CM3_0/bluetooth_MSS_MSS_CM3_0_hw_platform/Debug/CMSIS/startup_gcc/newlib_stubs.o
 .comment       0x00000056       0x2b C:\Users\leahsch\Desktop\bluetooth\SoftConsole\bluetooth_MSS_MSS_CM3_0\bluetooth_MSS_MSS_CM3_0_hw_platform\Debug\libbluetooth_MSS_MSS_CM3_0_hw_platform.a(mss_uart.o)
 .comment       0x00000081       0x2b C:\Users\leahsch\Desktop\bluetooth\SoftConsole\bluetooth_MSS_MSS_CM3_0\bluetooth_MSS_MSS_CM3_0_hw_platform\Debug\libbluetooth_MSS_MSS_CM3_0_hw_platform.a(system_a2fxxxm3.o)

.debug_aranges  0x00000000      0x1b0
 *(.debug_aranges)
 .debug_aranges
                0x00000000       0x20 ./main.o
 .debug_aranges
                0x00000020       0xa8 C:/Users/leahsch/Desktop/bluetooth/SoftConsole/bluetooth_MSS_MSS_CM3_0/bluetooth_MSS_MSS_CM3_0_hw_platform/Debug/CMSIS/startup_gcc/newlib_stubs.o
 .debug_aranges
                0x000000c8       0xc0 C:\Users\leahsch\Desktop\bluetooth\SoftConsole\bluetooth_MSS_MSS_CM3_0\bluetooth_MSS_MSS_CM3_0_hw_platform\Debug\libbluetooth_MSS_MSS_CM3_0_hw_platform.a(mss_uart.o)
 .debug_aranges
                0x00000188       0x28 C:\Users\leahsch\Desktop\bluetooth\SoftConsole\bluetooth_MSS_MSS_CM3_0\bluetooth_MSS_MSS_CM3_0_hw_platform\Debug\libbluetooth_MSS_MSS_CM3_0_hw_platform.a(system_a2fxxxm3.o)

.debug_pubnames
                0x00000000      0x3d6
 *(.debug_pubnames)
 .debug_pubnames
                0x00000000       0x1b ./main.o
 .debug_pubnames
                0x0000001b       0xeb C:/Users/leahsch/Desktop/bluetooth/SoftConsole/bluetooth_MSS_MSS_CM3_0/bluetooth_MSS_MSS_CM3_0_hw_platform/Debug/CMSIS/startup_gcc/newlib_stubs.o
 .debug_pubnames
                0x00000106      0x21c C:\Users\leahsch\Desktop\bluetooth\SoftConsole\bluetooth_MSS_MSS_CM3_0\bluetooth_MSS_MSS_CM3_0_hw_platform\Debug\libbluetooth_MSS_MSS_CM3_0_hw_platform.a(mss_uart.o)
 .debug_pubnames
                0x00000322       0xb4 C:\Users\leahsch\Desktop\bluetooth\SoftConsole\bluetooth_MSS_MSS_CM3_0\bluetooth_MSS_MSS_CM3_0_hw_platform\Debug\libbluetooth_MSS_MSS_CM3_0_hw_platform.a(system_a2fxxxm3.o)

.debug_info     0x00000000     0x3896
 *(.debug_info .gnu.linkonce.wi.*)
 .debug_info    0x00000000      0xaf6 ./main.o
 .debug_info    0x00000af6     0x10eb C:/Users/leahsch/Desktop/bluetooth/SoftConsole/bluetooth_MSS_MSS_CM3_0/bluetooth_MSS_MSS_CM3_0_hw_platform/Debug/CMSIS/startup_gcc/newlib_stubs.o
 .debug_info    0x00001be1     0x1740 C:\Users\leahsch\Desktop\bluetooth\SoftConsole\bluetooth_MSS_MSS_CM3_0\bluetooth_MSS_MSS_CM3_0_hw_platform\Debug\libbluetooth_MSS_MSS_CM3_0_hw_platform.a(mss_uart.o)
 .debug_info    0x00003321      0x575 C:\Users\leahsch\Desktop\bluetooth\SoftConsole\bluetooth_MSS_MSS_CM3_0\bluetooth_MSS_MSS_CM3_0_hw_platform\Debug\libbluetooth_MSS_MSS_CM3_0_hw_platform.a(system_a2fxxxm3.o)

.debug_abbrev   0x00000000      0x80a
 *(.debug_abbrev)
 .debug_abbrev  0x00000000      0x15f ./main.o
 .debug_abbrev  0x0000015f      0x251 C:/Users/leahsch/Desktop/bluetooth/SoftConsole/bluetooth_MSS_MSS_CM3_0/bluetooth_MSS_MSS_CM3_0_hw_platform/Debug/CMSIS/startup_gcc/newlib_stubs.o
 .debug_abbrev  0x000003b0      0x306 C:\Users\leahsch\Desktop\bluetooth\SoftConsole\bluetooth_MSS_MSS_CM3_0\bluetooth_MSS_MSS_CM3_0_hw_platform\Debug\libbluetooth_MSS_MSS_CM3_0_hw_platform.a(mss_uart.o)
 .debug_abbrev  0x000006b6      0x154 C:\Users\leahsch\Desktop\bluetooth\SoftConsole\bluetooth_MSS_MSS_CM3_0\bluetooth_MSS_MSS_CM3_0_hw_platform\Debug\libbluetooth_MSS_MSS_CM3_0_hw_platform.a(system_a2fxxxm3.o)

.debug_line     0x00000000     0x116b
 *(.debug_line)
 .debug_line    0x00000000      0x426 ./main.o
 .debug_line    0x00000426      0x503 C:/Users/leahsch/Desktop/bluetooth/SoftConsole/bluetooth_MSS_MSS_CM3_0/bluetooth_MSS_MSS_CM3_0_hw_platform/Debug/CMSIS/startup_gcc/newlib_stubs.o
 .debug_line    0x00000929      0x5d5 C:\Users\leahsch\Desktop\bluetooth\SoftConsole\bluetooth_MSS_MSS_CM3_0\bluetooth_MSS_MSS_CM3_0_hw_platform\Debug\libbluetooth_MSS_MSS_CM3_0_hw_platform.a(mss_uart.o)
 .debug_line    0x00000efe      0x26d C:\Users\leahsch\Desktop\bluetooth\SoftConsole\bluetooth_MSS_MSS_CM3_0\bluetooth_MSS_MSS_CM3_0_hw_platform\Debug\libbluetooth_MSS_MSS_CM3_0_hw_platform.a(system_a2fxxxm3.o)

.debug_frame    0x00000000      0x444
 *(.debug_frame)
 .debug_frame   0x00000000       0x30 ./main.o
 .debug_frame   0x00000030      0x174 C:/Users/leahsch/Desktop/bluetooth/SoftConsole/bluetooth_MSS_MSS_CM3_0/bluetooth_MSS_MSS_CM3_0_hw_platform/Debug/CMSIS/startup_gcc/newlib_stubs.o
 .debug_frame   0x000001a4      0x1f0 C:\Users\leahsch\Desktop\bluetooth\SoftConsole\bluetooth_MSS_MSS_CM3_0\bluetooth_MSS_MSS_CM3_0_hw_platform\Debug\libbluetooth_MSS_MSS_CM3_0_hw_platform.a(mss_uart.o)
 .debug_frame   0x00000394       0x3c C:\Users\leahsch\Desktop\bluetooth\SoftConsole\bluetooth_MSS_MSS_CM3_0\bluetooth_MSS_MSS_CM3_0_hw_platform\Debug\libbluetooth_MSS_MSS_CM3_0_hw_platform.a(system_a2fxxxm3.o)
 .debug_frame   0x000003d0       0x20 c:/actel/libero_v9.1/softconsole/sourcery-g++/bin/../lib/gcc/arm-none-eabi/4.4.1/../../../../arm-none-eabi/lib/thumb2\libc.a(lib_a-errno.o)
 .debug_frame   0x000003f0       0x2c c:/actel/libero_v9.1/softconsole/sourcery-g++/bin/../lib/gcc/arm-none-eabi/4.4.1/../../../../arm-none-eabi/lib/thumb2\libc.a(lib_a-init.o)
 .debug_frame   0x0000041c       0x28 c:/actel/libero_v9.1/softconsole/sourcery-g++/bin/../lib/gcc/arm-none-eabi/4.4.1/../../../../arm-none-eabi/lib/thumb2\libc.a(lib_a-memset.o)

.debug_str      0x00000000     0x179f
 *(.debug_str)
 .debug_str     0x00000000      0xe25 ./main.o
                                0xe99 (size before relaxing)
 .debug_str     0x00000e25      0x277 C:/Users/leahsch/Desktop/bluetooth/SoftConsole/bluetooth_MSS_MSS_CM3_0/bluetooth_MSS_MSS_CM3_0_hw_platform/Debug/CMSIS/startup_gcc/newlib_stubs.o
                               0x10b1 (size before relaxing)
 .debug_str     0x0000109c      0x60c C:\Users\leahsch\Desktop\bluetooth\SoftConsole\bluetooth_MSS_MSS_CM3_0\bluetooth_MSS_MSS_CM3_0_hw_platform\Debug\libbluetooth_MSS_MSS_CM3_0_hw_platform.a(mss_uart.o)
                               0x14c2 (size before relaxing)
 .debug_str     0x000016a8       0xf7 C:\Users\leahsch\Desktop\bluetooth\SoftConsole\bluetooth_MSS_MSS_CM3_0\bluetooth_MSS_MSS_CM3_0_hw_platform\Debug\libbluetooth_MSS_MSS_CM3_0_hw_platform.a(system_a2fxxxm3.o)
                                0x465 (size before relaxing)

.debug_loc      0x00000000      0xc8d
 *(.debug_loc)
 .debug_loc     0x00000000       0x39 ./main.o
 .debug_loc     0x00000039      0x30d C:/Users/leahsch/Desktop/bluetooth/SoftConsole/bluetooth_MSS_MSS_CM3_0/bluetooth_MSS_MSS_CM3_0_hw_platform/Debug/CMSIS/startup_gcc/newlib_stubs.o
 .debug_loc     0x00000346      0x894 C:\Users\leahsch\Desktop\bluetooth\SoftConsole\bluetooth_MSS_MSS_CM3_0\bluetooth_MSS_MSS_CM3_0_hw_platform\Debug\libbluetooth_MSS_MSS_CM3_0_hw_platform.a(mss_uart.o)
 .debug_loc     0x00000bda       0xb3 C:\Users\leahsch\Desktop\bluetooth\SoftConsole\bluetooth_MSS_MSS_CM3_0\bluetooth_MSS_MSS_CM3_0_hw_platform\Debug\libbluetooth_MSS_MSS_CM3_0_hw_platform.a(system_a2fxxxm3.o)

.debug_macinfo  0x00000000    0x1ec21
 *(.debug_macinfo)
 .debug_macinfo
                0x00000000     0x9442 ./main.o
 .debug_macinfo
                0x00009442     0x9964 C:/Users/leahsch/Desktop/bluetooth/SoftConsole/bluetooth_MSS_MSS_CM3_0/bluetooth_MSS_MSS_CM3_0_hw_platform/Debug/CMSIS/startup_gcc/newlib_stubs.o
 .debug_macinfo
                0x00012da6     0x63e3 C:\Users\leahsch\Desktop\bluetooth\SoftConsole\bluetooth_MSS_MSS_CM3_0\bluetooth_MSS_MSS_CM3_0_hw_platform\Debug\libbluetooth_MSS_MSS_CM3_0_hw_platform.a(mss_uart.o)
 .debug_macinfo
                0x00019189     0x5a98 C:\Users\leahsch\Desktop\bluetooth\SoftConsole\bluetooth_MSS_MSS_CM3_0\bluetooth_MSS_MSS_CM3_0_hw_platform\Debug\libbluetooth_MSS_MSS_CM3_0_hw_platform.a(system_a2fxxxm3.o)

.debug_weaknames
 *(.debug_weaknames)

.debug_funcnames
 *(.debug_funcnames)

.debug_typenames
 *(.debug_typenames)

.debug_varnames
 *(.debug_varnames)

.note.gnu.arm.ident
 *(.note.gnu.arm.ident)

.ARM.attributes
                0x00000000       0x25
 *(.ARM.attributes)
 .ARM.attributes
                0x00000000       0x19 c:/actel/libero_v9.1/softconsole/sourcery-g++/bin/../lib/gcc/arm-none-eabi/4.4.1/thumb2/crti.o
 .ARM.attributes
                0x00000019       0x29 c:/actel/libero_v9.1/softconsole/sourcery-g++/bin/../lib/gcc/arm-none-eabi/4.4.1/thumb2/crtbegin.o
 .ARM.attributes
                0x00000042       0x31 ./main.o
 .ARM.attributes
                0x00000073       0x21 C:/Users/leahsch/Desktop/bluetooth/SoftConsole/bluetooth_MSS_MSS_CM3_0/bluetooth_MSS_MSS_CM3_0_hw_platform/Debug/CMSIS/startup_gcc/startup_a2fxxxm3.o
 .ARM.attributes
                0x00000094       0x31 C:/Users/leahsch/Desktop/bluetooth/SoftConsole/bluetooth_MSS_MSS_CM3_0/bluetooth_MSS_MSS_CM3_0_hw_platform/Debug/CMSIS/startup_gcc/newlib_stubs.o
 .ARM.attributes
                0x000000c5       0x31 C:\Users\leahsch\Desktop\bluetooth\SoftConsole\bluetooth_MSS_MSS_CM3_0\bluetooth_MSS_MSS_CM3_0_hw_platform\Debug\libbluetooth_MSS_MSS_CM3_0_hw_platform.a(mss_uart.o)
 .ARM.attributes
                0x000000f6       0x31 C:\Users\leahsch\Desktop\bluetooth\SoftConsole\bluetooth_MSS_MSS_CM3_0\bluetooth_MSS_MSS_CM3_0_hw_platform\Debug\libbluetooth_MSS_MSS_CM3_0_hw_platform.a(system_a2fxxxm3.o)
 .ARM.attributes
                0x00000127       0x29 c:/actel/libero_v9.1/softconsole/sourcery-g++/bin/../lib/gcc/arm-none-eabi/4.4.1/../../../../arm-none-eabi/lib/thumb2\libc.a(lib_a-errno.o)
 .ARM.attributes
                0x00000150       0x29 c:/actel/libero_v9.1/softconsole/sourcery-g++/bin/../lib/gcc/arm-none-eabi/4.4.1/../../../../arm-none-eabi/lib/thumb2\libc.a(lib_a-impure.o)
 .ARM.attributes
                0x00000179       0x29 c:/actel/libero_v9.1/softconsole/sourcery-g++/bin/../lib/gcc/arm-none-eabi/4.4.1/../../../../arm-none-eabi/lib/thumb2\libc.a(lib_a-init.o)
 .ARM.attributes
                0x000001a2       0x29 c:/actel/libero_v9.1/softconsole/sourcery-g++/bin/../lib/gcc/arm-none-eabi/4.4.1/../../../../arm-none-eabi/lib/thumb2\libc.a(lib_a-memset.o)
 .ARM.attributes
                0x000001cb       0x29 c:/actel/libero_v9.1/softconsole/sourcery-g++/bin/../lib/gcc/arm-none-eabi/4.4.1/thumb2/crtend.o
 .ARM.attributes
                0x000001f4       0x19 c:/actel/libero_v9.1/softconsole/sourcery-g++/bin/../lib/gcc/arm-none-eabi/4.4.1/thumb2/crtn.o

/DISCARD/
 *(.note.GNU-stack)
 *(.isr_vector)
OUTPUT(bluetooth_MSS_MSS_CM3_0_app elf32-littlearm)

.debug_ranges   0x00000000      0x1a8
 .debug_ranges  0x00000000       0x18 ./main.o
 .debug_ranges  0x00000018       0xa0 C:/Users/leahsch/Desktop/bluetooth/SoftConsole/bluetooth_MSS_MSS_CM3_0/bluetooth_MSS_MSS_CM3_0_hw_platform/Debug/CMSIS/startup_gcc/newlib_stubs.o
 .debug_ranges  0x000000b8       0xd0 C:\Users\leahsch\Desktop\bluetooth\SoftConsole\bluetooth_MSS_MSS_CM3_0\bluetooth_MSS_MSS_CM3_0_hw_platform\Debug\libbluetooth_MSS_MSS_CM3_0_hw_platform.a(mss_uart.o)
 .debug_ranges  0x00000188       0x20 C:\Users\leahsch\Desktop\bluetooth\SoftConsole\bluetooth_MSS_MSS_CM3_0\bluetooth_MSS_MSS_CM3_0_hw_platform\Debug\libbluetooth_MSS_MSS_CM3_0_hw_platform.a(system_a2fxxxm3.o)
